eeschema (2013-jul-07)-stable  >> Creation date: Mon 03 Mar 2014 18:47:14 EET
#Cmp ( order = Reference )
| BT1        3v          
| BT2        BATTERY     
| BZ1        BUZZER_A    
| C1         20p         
| C2         20p         
| C3         47uF        
| C4         100n        
| C5         100n        
| C6         12p         
| C7         12p         
| C8         100n        
| C9         100uF       
| C10        100uF       
| C11        100uF       
| C12        100n        
| C13        100uF       
| C14        100uF       
| C15        100uF       
| C16        100nF       
| C17        4.7uF       
| C18        220n        
| C19        100n        
| C20        2n2         
| D1         DIODE       
| D2         DIODE       
| D3         LED         
| D4         DIODESCH    
| J1         MICROSD_SOCKET_SPI
| JP1        JUMPER      
| L1         INDUCTOR    
| L2         INDUCTOR    
| M1         MOTOR       
| P1         MicroUSB    
| P2         HC-05/06    
| P3         I²C_Port   
| P4         SPI_Port    
| P5         Ring_Port   
| Q1         MOSFET_N    
| Q2         IRLML2246TRPBF
| Q3         IRLML2246TRPBF
| Q4         MOSFET_P    
| Q5         IRLML2246TRPBF
| Q6         IRLML2246TRPBF
| Q7         IRLML2246TRPBF
| Q8         IRLML2246TRPBF
| Q9         IRLML2246TRPBF
| R1         10k         
| R2         27R         
| R3         27R         
| R4         4k7         
| R5         4k7         
| R6         10k         
| R7         300R        
| R8         4k7         
| R9         4k7         
| R10        1M          
| R11        R           
| R12        1M          
| R13        R           
| R14        10k         
| R15        300R        
| R16        100k        
| R17        1M          
| R18        10k         
| R19        1M          
| R20        1M          
| R21        300R        
| R22        10k         
| R23        10k         
| R24        1M          
| R25        340k        
| R26        200k        
| SW1        SPST        
| SW2        SPST        
| U1         STM32F100C8 
| U2         LTC4054-4.2 
| U3         LTC2942-1   
| U4         HMC5883L    
| U5         MPU6050     
| U6         LTC3444     
| U7         BMP085      
| X1         8 mHz       
| X2         32.768(MS3V-T1R)
#End Cmp

#Cmp ( order = Value )
| 3v           BT1       
| BATTERY      BT2       
| BUZZER_A     BZ1       
| 12p          C6        
| 12p          C7        
| 20p          C1        
| 20p          C2        
| 2n2          C20       
| 100n         C4        
| 100n         C5        
| 100n         C8        
| 100n         C12       
| 100nF        C16       
| 100n         C19       
| 220n         C18       
| 4.7uF        C17       
| 47uF         C3        
| 100uF        C9        
| 100uF        C10       
| 100uF        C11       
| 100uF        C13       
| 100uF        C14       
| 100uF        C15       
| DIODE        D1        
| DIODE        D2        
| LED          D3        
| DIODESCH     D4        
| MICROSD_SOCKET_SPI J1        
| JUMPER       JP1       
| INDUCTOR     L1        
| INDUCTOR     L2        
| MOTOR        M1        
| MicroUSB     P1        
| HC-05/06     P2        
| I²C_Port    P3        
| SPI_Port     P4        
| Ring_Port    P5        
| MOSFET_N     Q1        
| IRLML2246TRPBF Q2        
| IRLML2246TRPBF Q3        
| MOSFET_P     Q4        
| IRLML2246TRPBF Q5        
| IRLML2246TRPBF Q6        
| IRLML2246TRPBF Q7        
| IRLML2246TRPBF Q8        
| IRLML2246TRPBF Q9        
| 27R          R2        
| 27R          R3        
| 300R         R7        
| 300R         R15       
| 300R         R21       
| 4k7          R4        
| 4k7          R5        
| 4k7          R8        
| 4k7          R9        
| 10k          R1        
| 10k          R6        
| 10k          R14       
| 10k          R18       
| 10k          R22       
| 10k          R23       
| 100k         R16       
| 200k         R26       
| 340k         R25       
| 1M           R10       
| 1M           R12       
| 1M           R17       
| 1M           R19       
| 1M           R20       
| 1M           R24       
| R            R11       
| R            R13       
| SPST         SW1       
| SPST         SW2       
| LTC2942-1    U3        
| BMP085       U7        
| STM32F100C8  U1        
| LTC4054-4.2  U2        
| HMC5883L     U4        
| MPU6050      U5        
| LTC3444      U6        
| 32.768(MS3V-T1R) X2        
| 8 mHz        X1        
#End Cmp

#End List
